// Jest Snapshot v1, https://goo.gl/fbAQLP

exports[`Logout component handles click 1`] = `
<button
  className="button"
  onClick={[Function]}
>
  Logout
</button>
`;
